// Jest Snapshot v1, https://goo.gl/fbAQLP

exports[`Pantalla Cartas Renderiza correctamente 1`] = `
<div
  class="container"
>
  <div
    class="content"
  >
    <div
      class="containerCard"
    >
      <div
        class="card-content"
        style="background-color: rgb(237, 91, 65);"
      >
        <h3>
          Nombre de Carta
        </h3>
        <img
          alt="imagen de la carta"
          class="image-box"
          src="https://static.vecteezy.com/system/resources/previews/004/141/669/non_2x/no-photo-or-blank-image-icon-loading-images-or-missing-image-mark-image-not-available-or-image-coming-soon-sign-simple-nature-silhouette-in-frame-isolated-illustration-vector.jpg"
        />
        <h4>
          Tipo
        </h4>
        <div
          class="info-box"
        >
          <ul
            class="list"
          >
            <li>
              <span
                class="list-item-title"
              >
                Raza: 
              </span>
              ...
            </li>
            <li>
              <span
                class="list-item-title"
              >
                Costo: 
              </span>
              ...
            </li>
            <li>
              <span
                class="list-item-title"
              >
                Energy: 
              </span>
              ...
            </li>
          </ul>
          <p
            class="description"
          >
            Descripcion de la carta
          </p>
          <p
            align="right"
            class="credits"
          >
            C-XXXXXXXXXX
          </p>
        </div>
      </div>
    </div>
    <div
      class="containerForm"
    >
      <div
        class="wrapperForm"
      >
        <h1>
          Crear carta
        </h1>
        <div
          class="containerFrom"
        >
          <form>
            <div
              class="containerInputs"
            >
              <label
                class="inputCard"
                for="name"
              >
                Nombre:
              </label>
              <input
                id="name"
                maxlength="30"
                minlength="5"
                required=""
                type="text"
              />
            </div>
            <div
              class="containerInputs"
            >
              <label
                class="inputCard"
                for="image"
              >
                Imagen:
              </label>
              <input
                id="image"
                required=""
                type="file"
              />
            </div>
            <div
              class="containerInputs"
            >
              <label
                class="inputCard"
                for="description"
              >
                Descripción:
              </label>
              <textarea
                id="description"
                maxlength="1000"
                required=""
              />
            </div>
            <div
              class="containerInputs"
            >
              <label
                class="inputCard"
                for="description"
              >
                Tipo:
              </label>
              <select
                id="type"
                name="type"
                required=""
              >
                <option
                  value=""
                >
                  Seleccione un tipo
                </option>
                <option
                  value="ultra-rara"
                >
                  Ultra-Rara
                </option>
                <option
                  value="muy-rara"
                >
                  Muy Rara
                </option>
                <option
                  value="rara"
                >
                  Rara
                </option>
                <option
                  value="normal"
                >
                  Normal
                </option>
                <option
                  value="basica"
                >
                  Básica
                </option>
              </select>
            </div>
            <div
              class="containerInputs"
            >
              <label
                class="inputCard"
                for="race"
              >
                Raza:
              </label>
              <select
                id="race"
                name="race"
                required=""
              >
                <option
                  value=""
                >
                  Seleccione una raza
                </option>
                <option
                  value="elfo"
                >
                  Elfo
                </option>
                <option
                  value="paladin"
                >
                  Paladin
                </option>
                <option
                  value="barbaro"
                >
                  Barbaro
                </option>
              </select>
            </div>
            <div
              class="containerInputs"
            >
              <label
                class="inputCard"
                for="cost"
              >
                Costo:
              </label>
              <input
                id="number"
                max="100"
                min="0"
                required=""
                type="number"
              />
            </div>
            <div
              class="containerInputs"
            >
              <label
                class="inputCard"
                for="energy"
              >
                Energia:
              </label>
              <input
                id="number"
                max="100"
                min="-100"
                required=""
                type="number"
              />
            </div>
            <button
              class="button-54"
              type="submit"
            >
              Crear carta
            </button>
          </form>
        </div>
      </div>
    </div>
  </div>
</div>
`;
